   uint4    
------------
 4294967295
(1 row)

   uint4    
------------
 4294967295
(1 row)

 uint4_hamming 
---------------
            31
(1 row)

  hashuint4  
-------------
 -1905060026
(1 row)

 ?column? 
----------
 t
(1 row)

